[2026-05-09 16:34:16] === FlowZoneTrader Weekly Check Started ===
[2026-05-09 16:34:16] Step 1: Refreshing OAuth token...
[2026-05-09 16:34:16] ❌ Failed to get access token
[2026-05-09 16:34:54] === FlowZoneTrader Weekly Check Started ===
[2026-05-09 16:34:54] Step 1: Refreshing OAuth token...
[2026-05-09 16:34:54] ✅ Access token obtained
[2026-05-09 16:34:54] Step 2: Searching for FlowZoneTrader emails...
[2026-05-09 16:34:55] ✅ Found email ID: 19e0c819bd210bcb
[2026-05-09 16:34:55] Step 3: Fetching email content...
[2026-05-09 16:34:55] 📬 Subject: 
[2026-05-09 16:34:55] ✅ FlowZoneTrader weekly email retrieved successfully
[2026-05-09 16:34:55] === END ===
[2026-05-09 16:35:23] === FlowZoneTrader Weekly Check ===
[2026-05-09 16:35:23] Getting access token...
[2026-05-09 16:35:24] ❌ Failed to get access token
[2026-05-09 16:35:39] === FlowZoneTrader Weekly Check ===
[2026-05-09 16:35:39] Getting access token...
[2026-05-09 16:35:39] ✅ Token obtained
[2026-05-09 16:35:39] Searching for FlowZoneTrader emails...
[2026-05-09 16:35:40] ✅ Found email: 19e0c819bd210bcb
[2026-05-09 16:35:40] Fetching email content...
[2026-05-09 16:35:40] 📬 Subject: FZT: SOXL Drives NQ to ATH's
[2026-05-09 16:35:40] ✅ FlowZoneTrader weekly check completed
