=== Nightly Memory Sync (2026-07-06 14:00:47) ===
Step 1: Verifying latest backup...
✅ Latest backup: workspace-FINAL-backup-20260503-121932.tar.gz
Step 2: Checking MEMORY.md status...
✅ MEMORY.md updated 0 minutes ago
Step 3: Updating MEMORY.md with sync timestamp...
✅ MEMORY.md updated with sync timestamp
Step 4: Verifying OneDrive sync...
WARNING: OneDrive backups directory not accessible
Step 5: Backup health check...
✅ Total backups available: 5
Step 6: Checking for sync issues...
✅ No duplicate files found

=== Sync Complete ===
MEMORY.md: /home/harreson/.openclaw/workspace/MEMORY.md 8fdd372afa11a16a 255 ef53 4096 4096 263940717 261675071 248249203 67108864 66945668
Latest backup: workspace-FINAL-backup-20260503-121932.tar.gz
Log: /home/harreson/.openclaw/workspace/nightly-sync.log
=== Nightly Memory Sync (2026-07-06 14:01:08) ===
Step 1: Verifying latest backup...
✅ Latest backup: workspace-FINAL-backup-20260503-121932.tar.gz
Step 2: Checking MEMORY.md status...
✅ MEMORY.md updated 0 minutes ago
Step 3: Updating MEMORY.md with sync timestamp...
⚠️  Today's sync already recorded
Step 4: Verifying OneDrive sync...
WARNING: OneDrive backups directory not accessible
Step 5: Backup health check...
✅ Total backups available: 5
Step 6: Checking for sync issues...
✅ No duplicate files found

=== Sync Complete ===
MEMORY.md: 2026-07-06 14:00
Latest backup: workspace-FINAL-backup-20260503-121932.tar.gz
Log: /home/harreson/.openclaw/workspace/nightly-sync.log
=== Nightly Memory Sync (2026-07-07 07:18:52) ===
Step 1: Verifying latest backup...
✅ Latest backup: workspace-FINAL-backup-20260503-121932.tar.gz
Step 2: Checking MEMORY.md status...
✅ MEMORY.md updated 27 minutes ago
Step 3: Updating MEMORY.md with sync timestamp...
✅ MEMORY.md updated with sync timestamp
Step 4: Verifying OneDrive sync...
WARNING: OneDrive backups directory not accessible
Step 5: Backup health check...
✅ Total backups available: 5
Step 6: Checking for sync issues...
✅ No duplicate files found

=== Sync Complete ===
MEMORY.md: 2026-07-07 07:18
Latest backup: workspace-FINAL-backup-20260503-121932.tar.gz
Log: /home/harreson/.openclaw/workspace/nightly-sync.log
